
=== B2B Lead Distribution System Validation ===

✓ Testing Prisma schema models...
  ✓ ProviderSubscription model accessible
  ✓ Lead model accessible
  ✓ LeadAssignment model accessible
  ✓ Total assignments in database: 0

✓ Testing ProviderSubscriptionTier enum...
  ✓ Valid tiers: STARTER, GROWTH, SCALE

✓ Checking configuration files...
  ✓ Plans config loaded
    - STARTER: 3 leads/week @ ₹999
    - GROWTH: 5 leads/week + 1 bonus @ ₹2499
    - SCALE: 7 leads/week (exclusive) @ ₹4999
  ✓ Distribution config loaded
    - Lead lifespan: 48h
    - Dead lead threshold: 24h
    - Weekly reset: Sunday 0:0 UTC

✓ Checking service files...
  ✗ Service error: ⨯ Unable to compile TypeScript:
src/services/lead-distribution-b2b.service.ts(109,57): error TS2339: Property 'min' does not exist on type '{ min: number; max: number; } | { max: number; } | { max: number; }'.
  Property 'min' does not exist on type '{ max: number; }'.
src/services/lead-distribution-b2b.service.ts(170,40): error TS2339: Property 'expertise' does not exist on type 'GetResult<{ id: string; userId: string; displayName: string; bio: string | null; specializations: string[]; languages: string[]; yearsOfExperience: number | null; consultationFee: number | null; ... 28 more ...; baseLongitude: number | null; }, unknown> & {}'.
src/services/lead-distribution-b2b.service.ts(184,19): error TS2345: Argument of type '{ subscription: { provider: { therapistProfile: (GetResult<{ id: string; userId: string; displayName: string; bio: string | null; specializations: string[]; languages: string[]; yearsOfExperience: number | null; ... 29 more ...; baseLongitude: number | null; }, unknown> & {}) | null; } & GetResult<...> & {}; } & Get...' is not assignable to parameter of type 'never'.

  ✓ lead-quality-score.ts exported exported: calculateLeadQualityScore
  ✓ matching-score.ts exported: calculateTherapistMatchScore

✓ Checking route files...
  ✗ Lead response routes: ⨯ Unable to compile TypeScript:
src/routes/lead-response.routes.ts(8,33): error TS2307: Cannot find module '../middleware/auth' or its corresponding type declarations.
src/routes/lead-response.routes.ts(21,29): error TS2339: Property 'user' does not exist on type 'Request<ParamsDictionary, any, any, ParsedQs, Record<string, any>>'.
src/routes/lead-response.routes.ts(30,9): error TS2322: Type 'string | string[]' is not assignable to type 'string | StringFilter | undefined'.
  Type 'string[]' is not assignable to type 'string | StringFilter | undefined'.
src/routes/lead-response.routes.ts(47,20): error TS2339: Property 'lead' does not exist on type 'GetResult<{ id: string; leadId: string; therapistId: string; assignedAt: Date; respondedAt: Date | null; responseTime: number | null; convertedAt: Date | null; sessionBooked: boolean; status: string; createdAt: Date; updatedAt: Date; }, unknown> & {}'.
src/routes/lead-response.routes.ts(47,62): error TS2339: Property 'lead' does not exist on type 'GetResult<{ id: string; leadId: string; therapistId: string; assignedAt: Date; respondedAt: Date | null; responseTime: number | null; convertedAt: Date | null; sessionBooked: boolean; status: string; createdAt: Date; updatedAt: Date; }, unknown> & {}'.
src/routes/lead-response.routes.ts(85,29): error TS2339: Property 'user' does not exist on type 'Request<ParamsDictionary, any, any, ParsedQs, Record<string, any>>'.
src/routes/lead-response.routes.ts(95,9): error TS2322: Type 'string | string[]' is not assignable to type 'string | StringFilter | undefined'.
  Type 'string[]' is not assignable to type 'string | StringFilter | undefined'.
src/routes/lead-response.routes.ts(102,13): error TS2561: Object literal may only specify known properties, but 'subscription' does not exist in type 'UserInclude<DefaultArgs>'. Did you mean to write 'subscriptions'?
src/routes/lead-response.routes.ts(126,20): error TS2551: Property 'therapist' does not exist on type 'GetResult<{ id: string; leadId: string; therapistId: string; assignedAt: Date; respondedAt: Date | null; responseTime: number | null; convertedAt: Date | null; sessionBooked: boolean; status: string; createdAt: Date; updatedAt: Date; }, unknown> & {}'. Did you mean 'therapistId'?
src/routes/lead-response.routes.ts(128,33): error TS2551: Property 'therapist' does not exist on type 'GetResult<{ id: string; leadId: string; therapistId: string; assignedAt: Date; respondedAt: Date | null; responseTime: number | null; convertedAt: Date | null; sessionBooked: boolean; status: string; createdAt: Date; updatedAt: Date; }, unknown> & {}'. Did you mean 'therapistId'?
src/routes/lead-response.routes.ts(158,16): error TS2322: Type 'string | string[]' is not assignable to type 'string | StringFilter | undefined'.
  Type 'string[]' is not assignable to type 'string | StringFilter | undefined'.
src/routes/lead-response.routes.ts(191,16): error TS2322: Type 'string | string[]' is not assignable to type 'string | undefined'.
  Type 'string[]' is not assignable to type 'string'.
src/routes/lead-response.routes.ts(210,35): error TS2339: Property 'assignments' does not exist on type 'GetResult<{ id: string; patientId: string; providerId: string | null; status: LeadStatus; matchScore: number | null; amountMinor: bigint; currency: string; previewData: JsonValue; ... 18 more ...; exclusivity: string; }, unknown> & {}'.
src/routes/lead-response.routes.ts(211,33): error TS2339: Property 'assignments' does not exist on type 'GetResult<{ id: string; patientId: string; providerId: string | null; status: LeadStatus; matchScore: number | null; amountMinor: bigint; currency: string; previewData: JsonValue; ... 18 more ...; exclusivity: string; }, unknown> & {}'.
src/routes/lead-response.routes.ts(212,33): error TS2339: Property 'assignments' does not exist on type 'GetResult<{ id: string; patientId: string; providerId: string | null; status: LeadStatus; matchScore: number | null; amountMinor: bigint; currency: string; previewData: JsonValue; ... 18 more ...; exclusivity: string; }, unknown> & {}'.
src/routes/lead-response.routes.ts(216,18): error TS2339: Property 'assignments' does not exist on type 'GetResult<{ id: string; patientId: string; providerId: string | null; status: LeadStatus; matchScore: number | null; amountMinor: bigint; currency: string; previewData: JsonValue; ... 18 more ...; exclusivity: string; }, unknown> & {}'.

  ✗ Dashboard routes: ⨯ Unable to compile TypeScript:
src/routes/provider-dashboard.routes.ts(7,33): error TS2307: Cannot find module '../middleware/auth' or its corresponding type declarations.
src/routes/provider-dashboard.routes.ts(25,29): error TS2339: Property 'user' does not exist on type 'Request<ParamsDictionary, any, any, ParsedQs, Record<string, any>>'.
src/routes/provider-dashboard.routes.ts(54,29): error TS2339: Property 'user' does not exist on type 'Request<ParamsDictionary, any, any, ParsedQs, Record<string, any>>'.
src/routes/provider-dashboard.routes.ts(79,15): error TS2353: Object literal may only specify known properties, and 'title' does not exist in type 'LeadSelect<DefaultArgs>'.
src/routes/provider-dashboard.routes.ts(100,17): error TS2339: Property 'lead' does not exist on type 'GetResult<{ id: string; leadId: string; therapistId: string; assignedAt: Date; respondedAt: Date | null; responseTime: number | null; convertedAt: Date | null; sessionBooked: boolean; status: string; createdAt: Date; updatedAt: Date; }, unknown> & {}'.
src/routes/provider-dashboard.routes.ts(101,16): error TS2339: Property 'lead' does not exist on type 'GetResult<{ id: string; leadId: string; therapistId: string; assignedAt: Date; respondedAt: Date | null; responseTime: number | null; convertedAt: Date | null; sessionBooked: boolean; status: string; createdAt: Date; updatedAt: Date; }, unknown> & {}'.
src/routes/provider-dashboard.routes.ts(102,22): error TS2339: Property 'lead' does not exist on type 'GetResult<{ id: string; leadId: string; therapistId: string; assignedAt: Date; respondedAt: Date | null; responseTime: number | null; convertedAt: Date | null; sessionBooked: boolean; status: string; createdAt: Date; updatedAt: Date; }, unknown> & {}'.
src/routes/provider-dashboard.routes.ts(103,17): error TS2339: Property 'lead' does not exist on type 'GetResult<{ id: string; leadId: string; therapistId: string; assignedAt: Date; respondedAt: Date | null; responseTime: number | null; convertedAt: Date | null; sessionBooked: boolean; status: string; createdAt: Date; updatedAt: Date; }, unknown> & {}'.
src/routes/provider-dashboard.routes.ts(104,18): error TS2339: Property 'lead' does not exist on type 'GetResult<{ id: string; leadId: string; therapistId: string; assignedAt: Date; respondedAt: Date | null; responseTime: number | null; convertedAt: Date | null; sessionBooked: boolean; status: string; createdAt: Date; updatedAt: Date; }, unknown> & {}'.
src/routes/provider-dashboard.routes.ts(105,23): error TS2339: Property 'lead' does not exist on type 'GetResult<{ id: string; leadId: string; therapistId: string; assignedAt: Date; respondedAt: Date | null; responseTime: number | null; convertedAt: Date | null; sessionBooked: boolean; status: string; createdAt: Date; updatedAt: Date; }, unknown> & {}'.
src/routes/provider-dashboard.routes.ts(111,24): error TS2339: Property 'lead' does not exist on type 'GetResult<{ id: string; leadId: string; therapistId: string; assignedAt: Date; respondedAt: Date | null; responseTime: number | null; convertedAt: Date | null; sessionBooked: boolean; status: string; createdAt: Date; updatedAt: Date; }, unknown> & {}'.
src/routes/provider-dashboard.routes.ts(112,20): error TS2339: Property 'lead' does not exist on type 'GetResult<{ id: string; leadId: string; therapistId: string; assignedAt: Date; respondedAt: Date | null; responseTime: number | null; convertedAt: Date | null; sessionBooked: boolean; status: string; createdAt: Date; updatedAt: Date; }, unknown> & {}'.
src/routes/provider-dashboard.routes.ts(112,52): error TS2339: Property 'lead' does not exist on type 'GetResult<{ id: string; leadId: string; therapistId: string; assignedAt: Date; respondedAt: Date | null; responseTime: number | null; convertedAt: Date | null; sessionBooked: boolean; status: string; createdAt: Date; updatedAt: Date; }, unknown> & {}'.
src/routes/provider-dashboard.routes.ts(138,29): error TS2339: Property 'user' does not exist on type 'Request<ParamsDictionary, any, any, ParsedQs, Record<string, any>>'.
src/routes/provider-dashboard.routes.ts(166,29): error TS2339: Property 'user' does not exist on type 'Request<ParamsDictionary, any, any, ParsedQs, Record<string, any>>'.
src/routes/provider-dashboard.routes.ts(220,29): error TS2339: Property 'user' does not exist on type 'Request<ParamsDictionary, any, any, ParsedQs, Record<string, any>>'.
src/routes/provider-dashboard.routes.ts(263,29): error TS2339: Property 'user' does not exist on type 'Request<ParamsDictionary, any, any, ParsedQs, Record<string, any>>'.
src/routes/provider-dashboard.routes.ts(287,39): error TS2339: Property 'toLowerCase' does not exist on type 'number'.

  ✗ Cron jobs: ⨯ Unable to compile TypeScript:
src/cron/lead-distribution.cron.ts(115,39): error TS2322: Type '"ASSIGNED"' is not assignable to type 'LeadStatus'.


=== System Status ===
✓ Phase 1 (Database): COMPLETE
✓ Phase 2a (Core Services): COMPLETE
✓ Phase 2b (Cron Jobs): COMPLETE
✓ Phase 3 (API Endpoints): COMPLETE
⚠ Phase 4 (Integration Hooks): PENDING (manual in lead creation)
⚠ Phase 5 (Frontend): PENDING

✅ B2B Lead Distribution System validated successfully!

